// Vitest Snapshot v1, https://vitest.dev/guide/snapshot.html

exports[`renders an offline document and escapes untrusted report data 1`] = `
"<!doctype html>
<html lang="en">
<head>
  <meta charset="utf-8">
  <meta name="viewport" content="width=device-width, initial-scale=1">
  <title>fixture dependency history</title>
  <style>:root {
  color-scheme: dark;
  --paper: #261c2c;
  --ink: #f8f4fb;
  --muted: #c1b8d0;
  --line: #5c527f;
  --panel: #3e2c41;
  --accent: #6e85b2;
  --added: #7ee2b8;
  --on-added: #183329;
  --updated: #aebfe0;
  --removed: #ff8fa3;
  --on-removed: #3b1f28;
  font-family: Inter, ui-sans-serif, system-ui, sans-serif;
}
* {
  box-sizing: border-box;
}
body {
  margin: 0;
  background: var(--paper);
  color: var(--ink);
}
main {
  width: min(1200px, calc(100% - 32px));
  margin: 0 auto;
  padding: 48px 0 80px;
}
.hero {
  border-bottom: 1px solid var(--line);
  padding-bottom: 24px;
}
.eyebrow {
  color: var(--accent);
  font-size: 14px;
  font-weight: 800;
  letter-spacing: 0.12em;
  text-transform: uppercase;
}
h1 {
  font-size: clamp(32px, 7vw, 64px);
  letter-spacing: -0.05em;
  margin: 8px 0;
}
.revision {
  color: var(--muted);
  margin: 0;
}
.generated {
  color: var(--muted);
  display: flex;
  flex-wrap: wrap;
  font-size: 14px;
  gap: 4px 12px;
  margin: 8px 0 0;
}
.revision a {
  color: var(--accent);
  overflow-wrap: anywhere;
}
code {
  font-family: ui-monospace, SFMono-Regular, monospace;
}
.totals {
  display: grid;
  grid-template-columns: 1fr;
  gap: 12px;
  margin: 24px 0;
}
.total {
  background: var(--panel);
  border: 1px solid var(--line);
  border-radius: 12px;
  padding: 14px 16px;
}
.total strong {
  display: block;
  font-size: 24px;
}
.total span {
  color: var(--muted);
  font-size: 14px;
}
.total-packages {
  border-top: 1px solid var(--line);
  display: grid;
  grid-template-columns: repeat(auto-fit, minmax(min(100%, 260px), 1fr));
  gap: 6px;
  list-style: none;
  margin: 12px 0 0;
  padding: 10px 0 0;
}
.total-updated .total-packages {
  grid-template-columns: repeat(auto-fit, minmax(min(100%, 420px), 1fr));
}
.total-package {
  align-items: baseline;
  background: color-mix(in srgb, var(--paper) 52%, transparent);
  border: 1px solid var(--line);
  border-radius: 8px;
  display: flex;
  flex-wrap: wrap;
  font-family: ui-monospace, SFMono-Regular, monospace;
  font-size: 14px;
  gap: 4px;
  padding: 8px 10px;
}
.total-package strong {
  color: var(--ink);
  display: inline;
  font-size: 14px;
  overflow-wrap: anywhere;
  width: 100%;
}
.total-package .total-initial {
  background: var(--removed);
  border-radius: 4px;
  color: var(--on-removed);
  padding: 2px 5px;
  text-decoration: line-through;
}
.total-package .total-final {
  background: var(--added);
  border-radius: 4px;
  color: var(--on-added);
  padding: 2px 5px;
}
.total-package span {
  overflow-wrap: anywhere;
}
.range-panel {
  background: var(--panel);
  border: 1px solid var(--line);
  border-radius: 16px;
  margin: 28px 0;
  padding: 20px;
}
.timeline {
  height: 62px;
  position: relative;
  margin: 10px 2px 18px;
}
.timeline-bars {
  align-items: end;
  display: flex;
  gap: 2px;
  height: 58px;
  overflow: hidden;
}
.timeline-bar {
  background: color-mix(in srgb, var(--accent) 42%, transparent);
  flex: 1;
  min-width: 1px;
}
.slider-track {
  --start: 0%;
  --end: 100%;
  background: linear-gradient(
    to right,
    transparent var(--start),
    var(--accent) var(--start),
    var(--accent) var(--end),
    transparent var(--end)
  );
  bottom: -5px;
  height: 4px;
  left: 0;
  position: absolute;
  right: 0;
}
.slider {
  appearance: none;
  background: transparent;
  bottom: -12px;
  height: 20px;
  left: 0;
  margin: 0;
  pointer-events: none;
  position: absolute;
  width: 100%;
}
.slider::-webkit-slider-thumb {
  appearance: none;
  background: var(--panel);
  border: 3px solid var(--accent);
  border-radius: 50%;
  height: 18px;
  pointer-events: auto;
  width: 18px;
}
.slider::-moz-range-thumb {
  background: var(--panel);
  border: 3px solid var(--accent);
  border-radius: 50%;
  height: 13px;
  pointer-events: auto;
  width: 13px;
}
.date-controls {
  align-items: end;
  display: flex;
  flex-wrap: wrap;
  gap: 12px;
}
.date-controls label {
  color: var(--muted);
  display: grid;
  font-size: 14px;
  font-weight: 700;
  gap: 5px;
  text-transform: uppercase;
}
input[type="date"],
button {
  background: var(--paper);
  border: 1px solid var(--line);
  border-radius: 8px;
  color: var(--ink);
  font: inherit;
  padding: 8px 10px;
}
button {
  cursor: pointer;
}
button:hover {
  border-color: var(--accent);
}
#range-summary {
  color: var(--muted);
  margin: 16px 0 0;
}
.section-title {
  align-items: baseline;
  display: flex;
  justify-content: space-between;
  margin: 32px 0 14px;
}
.section-title h2 {
  margin: 0;
}
.commit {
  background: var(--panel);
  border: 1px solid var(--line);
  border-radius: 14px;
  margin-bottom: 14px;
  overflow: hidden;
  padding: 18px;
}
.commit-header {
  border-bottom: 1px solid var(--line);
  padding-bottom: 12px;
}
.commit-subject {
  font-size: 17px;
  margin: 0;
}
.sha {
  color: var(--accent);
  font-size: 14px;
  margin-right: 10px;
}
.metadata {
  color: var(--muted);
  display: flex;
  flex-wrap: wrap;
  font-size: 14px;
  gap: 8px 18px;
  margin: 8px 0 0;
}
.change-group {
  display: grid;
  grid-template-columns: 72px 1fr;
  margin-top: 14px;
}
.change-group-title {
  color: var(--muted);
  font-size: 14px;
  letter-spacing: 0.08em;
  margin: 3px 12px 0 0;
  text-transform: uppercase;
}
.changes {
  display: grid;
  gap: 7px;
  list-style: none;
  margin: 0;
  padding: 0;
}
.change {
  align-items: baseline;
  display: flex;
  flex-wrap: wrap;
  gap: 8px;
  font-family: ui-monospace, SFMono-Regular, monospace;
  font-size: 14px;
}
.change-kind {
  font-size: 14px;
  font-weight: 800;
  text-align: center;
  width: 14px;
}
.change-added,
.change-added .change-value {
  color: var(--on-added);
}
.change-added {
  background: var(--added);
  border-radius: 5px;
  max-width: 100%;
  padding: 3px 6px;
  width: fit-content;
}
.change-updated .change-kind {
  color: var(--updated);
}
.change-updated {
  display: grid;
  grid-template-columns: 14px minmax(0, 1fr);
}
.change-updated .package {
  width: auto;
}
.version-diff {
  align-items: baseline;
  display: flex;
  gap: 8px;
  grid-column: 2;
  min-width: 0;
}
.version-diff .change-value {
  flex: 1 1 0;
  min-width: 0;
  overflow-wrap: anywhere;
}
.version-diff .arrow {
  flex: none;
}
.change-removed {
  background: var(--removed);
  border-radius: 5px;
  color: var(--on-removed);
  max-width: 100%;
  padding: 3px 6px;
  width: fit-content;
}
.change-removed .package,
.change-removed .change-value,
.previous-value {
  text-decoration: line-through;
}
.change-removed .change-value {
  color: var(--on-removed);
}
.change-value {
  color: var(--muted);
}
.previous-value {
  background: var(--removed);
  border-radius: 4px;
  color: var(--on-removed);
  padding: 2px 5px;
}
.current-value {
  background: var(--added);
  border-radius: 4px;
  color: var(--on-added);
  padding: 2px 5px;
}
.arrow {
  color: var(--accent);
}
.message summary {
  color: var(--muted);
  cursor: pointer;
  font-size: 14px;
}
.message-body {
  background: var(--paper);
  border-radius: 8px;
  overflow-wrap: anywhere;
  padding: 12px;
  white-space: pre-wrap;
}
.empty {
  background: var(--panel);
  border: 1px dashed var(--line);
  border-radius: 14px;
  color: var(--muted);
  padding: 36px;
  text-align: center;
}
.sr-only {
  clip: rect(0, 0, 0, 0);
  height: 1px;
  margin: -1px;
  overflow: hidden;
  padding: 0;
  position: absolute;
  width: 1px;
}
@media (max-width: 640px) {
  main {
    width: min(100% - 20px, 1200px);
    padding-top: 28px;
  }
  .totals {
    grid-template-columns: 1fr;
  }
  .date-controls {
    align-items: stretch;
    flex-direction: column;
  }
  input[type="date"],
  button {
    width: 100%;
  }
  .change {
    align-items: flex-start;
  }
  .change-group {
    grid-template-columns: 52px 1fr;
  }
  .package {
    width: calc(100% - 26px);
  }
}
@media (prefers-color-scheme: light) {
  :root {
    color-scheme: light;
    --paper: #f8f5fa;
    --ink: #261c2c;
    --muted: #5c527f;
    --line: #d5cfdf;
    --panel: #ffffff;
    --accent: #526b9b;
    --added: #1f8a5b;
    --on-added: #ffffff;
    --updated: #526b9b;
    --removed: #d94762;
    --on-removed: #ffffff;
  }
}
</style>
</head>
<body>
  <main>
    <header class="hero">
      <div class="eyebrow">diff-iris · package.json</div>
      <h1>fixture</h1>
      <p class="revision">fixture · main · <code>2a9fbe92c9c5</code> · <a href="https://github.com/example/fixture" rel="noreferrer" target="_blank">https://github.com/example/fixture</a></p>
      <p class="generated">
        <span>Generated 2026-01-01T00:00:00Z</span>
        <span>diff-iris 0.0.3</span>
      </p>
    </header>
    <section class="totals" aria-label="Change totals"><div class="total total-commits"><strong id="total-commits">1</strong><span>commits</span></div><div class="total total-added"><strong id="total-added">1</strong><span>added</span><ul class="total-packages" id="total-added-packages"></ul></div><div class="total total-removed"><strong id="total-removed">0</strong><span>removed</span><ul class="total-packages" id="total-removed-packages"></ul></div><div class="total total-updated"><strong id="total-updated">0</strong><span>updated</span><ul class="total-packages" id="total-updated-packages"></ul></div></section>
    <section class="range-panel" id="range-controls" aria-labelledby="timeline-title">
      <h2 id="timeline-title">Timeline</h2>
      <div class="timeline">
        <div class="timeline-bars" id="timeline-bars" aria-hidden="true"></div>
        <div class="slider-track" id="slider-track"></div>
        <label class="sr-only" for="start-slider">Start of selected history range</label>
        <input class="slider" id="start-slider" type="range" aria-label="Start of selected history range">
        <label class="sr-only" for="end-slider">End of selected history range</label>
        <input class="slider" id="end-slider" type="range" aria-label="End of selected history range">
      </div>
      <div class="date-controls">
        <label>From (UTC)<input id="start-date" type="date"></label>
        <label>To (UTC)<input id="end-date" type="date"></label>
        <button id="reset-range" type="button">Reset range</button>
      </div>
      <p id="range-summary"></p>
      <p class="sr-only" id="live-range" aria-live="polite"></p>
    </section>
    <div class="section-title"><h2>Dependency changes</h2></div>
    <section id="events" aria-label="Dependency change commits"></section>
    <p class="empty" id="empty-state" hidden>No commits fall within this range.</p>
  </main>
  <script id="report-data" type="application/json">{"repository":"fixture","repositoryUrl":"https://github.com/example/fixture","revision":"2a9fbe92c9c546c01cac1bd90c6c9e3d66cc753d","ref":"main","generatedAt":"2026-01-01T00:00:00Z","firstDate":"2020-01-01","lastDate":"2020-01-01","totals":{"commits":1,"changes":1,"added":1,"updated":0,"removed":0},"events":[{"traversalIndex":0,"changes":[{"type":"added","name":"\\u003c/script\\u003e\\u003cimg src=x onerror=alert(1)\\u003e","current":{"section":"dependencies","version":"1"}}],"commit":{"sha":"2a9fbe92c9c546c01cac1bd90c6c9e3d66cc753d","subject":"Unsafe \\u003c/script\\u003e","message":"Unsafe \\u003c/script\\u003e\\n\\nBody \\u003cb\\u003emust remain text\\u003c/b\\u003e","authorName":"Test Author","authorEmail":"author@example.test","committedAt":"2020-01-01T00:00:00Z","epochMilliseconds":1577836800000,"utcDate":"2020-01-01"}}]}</script>
  <script>const report = JSON.parse(document.querySelector("#report-data").textContent);
const dates = [...new Set(report.events.map((event) => event.commit.utcDate))];
const startSlider = document.querySelector("#start-slider");
const endSlider = document.querySelector("#end-slider");
const startDate = document.querySelector("#start-date");
const endDate = document.querySelector("#end-date");
const eventList = document.querySelector("#events");
const emptyState = document.querySelector("#empty-state");
const rangeSummary = document.querySelector("#range-summary");
const liveRange = document.querySelector("#live-range");
const timelineBars = document.querySelector("#timeline-bars");
const sliderTrack = document.querySelector("#slider-track");
const totalElements = {
  commits: document.querySelector("#total-commits"),
  added: document.querySelector("#total-added"),
  updated: document.querySelector("#total-updated"),
  removed: document.querySelector("#total-removed"),
};
const totalPackageElements = {
  added: document.querySelector("#total-added-packages"),
  updated: document.querySelector("#total-updated-packages"),
  removed: document.querySelector("#total-removed-packages"),
};

function element(tag, className, text) {
  const node = document.createElement(tag);
  if (className) node.className = className;
  if (text !== undefined) node.textContent = text;
  return node;
}

function lowerBound(value) {
  let low = 0;
  let high = dates.length;
  while (low < high) {
    const middle = (low + high) >>> 1;
    if (dates[middle] < value) low = middle + 1;
    else high = middle;
  }
  return Math.min(low, dates.length - 1);
}

function upperBound(value) {
  let low = 0;
  let high = dates.length;
  while (low < high) {
    const middle = (low + high) >>> 1;
    if (dates[middle] <= value) low = middle + 1;
    else high = middle;
  }
  return Math.max(0, low - 1);
}

function rangeFromUrl(last) {
  const parameters = new URLSearchParams(window.location.search);
  const from = parameters.get("from");
  const to = parameters.get("to");
  const datePattern = /^\\d{4}-\\d{2}-\\d{2}$/;
  const start = from && datePattern.test(from) ? lowerBound(from) : 0;
  const end = to && datePattern.test(to) ? upperBound(to) : last;
  return start <= end ? [start, end] : [0, last];
}

function saveRangeToUrl(from, to) {
  try {
    const url = new URL(window.location.href);
    url.searchParams.set("from", from);
    url.searchParams.set("to", to);
    window.history.replaceState(null, "", url);
  } catch {
    // Some embedded viewers do not allow file URL history updates.
  }
}

const sectionOrder = [
  ["dependencies", "deps"],
  ["devDependencies", "dev"],
  ["peerDependencies", "peer"],
  ["optionalDependencies", "optional"],
];

function renderChange(change) {
  const row = element("li", \`change change-\${change.type}\`);
  const operation = { added: "+", updated: "~", removed: "-" }[change.type];
  row.append(element("span", "change-kind", operation), element("strong", "package", change.name));
  if (change.type === "added") {
    row.append(element("span", "change-value", change.current.version));
  } else if (change.type === "removed") {
    row.append(element("span", "change-value", change.previous.version));
  } else {
    const versionDiff = element("span", "version-diff");
    versionDiff.append(
      element("span", "change-value previous-value", change.previous.version),
      element("span", "arrow", "→"),
      element("span", "change-value current-value", change.current.version),
    );
    row.append(versionDiff);
  }
  return row;
}

function changesBySection(changes) {
  const groups = new Map(sectionOrder.map(([section]) => [section, []]));
  for (const change of changes) {
    if (change.type === "updated" && change.previous.section !== change.current.section) {
      groups.get(change.previous.section).push({
        type: "removed",
        name: change.name,
        previous: change.previous,
      });
      groups.get(change.current.section).push({
        type: "added",
        name: change.name,
        current: change.current,
      });
      continue;
    }
    const section = change.current?.section ?? change.previous.section;
    groups.get(section).push(change);
  }
  return groups;
}

function sameLocation(left, right) {
  return left?.section === right?.section && left?.version === right?.version;
}

function summarizePackages(events) {
  const packages = new Map();
  for (const event of events.toReversed()) {
    for (const change of event.changes) {
      const existing = packages.get(change.name);
      if (!existing) {
        packages.set(change.name, {
          name: change.name,
          initial: change.previous,
          final: change.current,
        });
      } else {
        existing.final = change.current;
      }
    }
  }

  const summary = { added: [], updated: [], removed: [] };
  for (const entry of packages.values()) {
    if (sameLocation(entry.initial, entry.final)) continue;
    if (!entry.initial && entry.final) summary.added.push(entry);
    else if (entry.initial && !entry.final) summary.removed.push(entry);
    else summary.updated.push(entry);
  }
  for (const entries of Object.values(summary)) {
    entries.sort((left, right) => left.name.localeCompare(right.name));
  }
  return summary;
}

function summaryLocation(location, includeSection = false) {
  if (!location) return "";
  const section = sectionOrder.find(([name]) => name === location.section)?.[1];
  return includeSection ? \`\${location.version} · \${section}\` : location.version;
}

function renderPackageSummary(kind, entries) {
  const list = totalPackageElements[kind];
  const items = entries.map((entry) => {
    const item = element("li", "total-package");
    item.append(element("strong", "", entry.name));
    if (kind === "added") {
      item.append(element("span", "total-final", summaryLocation(entry.final)));
    } else if (kind === "removed") {
      item.append(element("span", "total-initial", summaryLocation(entry.initial)));
    } else {
      const moved = entry.initial.section !== entry.final.section;
      item.append(
        element("span", "total-initial", summaryLocation(entry.initial, moved)),
        element("span", "arrow", "→"),
        element("span", "total-final", summaryLocation(entry.final, moved)),
      );
    }
    return item;
  });
  list.replaceChildren(...items);
  list.hidden = items.length === 0;
}

function renderEvent(event) {
  const article = element("article", "commit");
  const header = element("header", "commit-header");
  const heading = element("h3", "commit-subject", event.commit.subject || "(no subject)");
  heading.prepend(element("code", "sha", event.commit.sha.slice(0, 12)));
  header.append(heading);

  const metadata = element("p", "metadata");
  metadata.append(
    element("span", "timestamp", event.commit.committedAt),
    element("span", "author", \`\${event.commit.authorName} <\${event.commit.authorEmail}>\`),
  );
  header.append(metadata);
  article.append(header);

  const groups = changesBySection(event.changes);
  for (const [section, label] of sectionOrder) {
    const sectionChanges = groups.get(section);
    if (sectionChanges.length === 0) continue;
    const group = element("section", "change-group");
    group.append(element("h4", "change-group-title", label));
    const list = element("ul", "changes");
    sectionChanges.forEach((change) => list.append(renderChange(change)));
    group.append(list);
    article.append(group);
  }

  const details = element("details", "message");
  details.append(element("summary", "", "Full commit message"));
  details.append(element("pre", "message-body", event.commit.message || "(empty message)"));
  article.append(details);
  return article;
}

function renderTimeline() {
  const binCount = Math.min(96, Math.max(1, dates.length));
  const bins = Array.from({ length: binCount }, () => 0);
  const dateIndex = new Map(dates.map((date, index) => [date, index]));
  for (const event of report.events) {
    const index = dateIndex.get(event.commit.utcDate);
    const bin = Math.min(binCount - 1, Math.floor((index * binCount) / dates.length));
    bins[bin] += event.changes.length;
  }
  const maximum = Math.max(...bins, 1);
  bins.forEach((count) => {
    const bar = element("span", "timeline-bar");
    bar.style.height = \`\${Math.max(2, Math.round((count / maximum) * 54))}px\`;
    timelineBars.append(bar);
  });
}

function update() {
  let start = Number(startSlider.value);
  let end = Number(endSlider.value);
  if (start > end) {
    if (document.activeElement === startSlider) end = start;
    else start = end;
  }
  startSlider.value = String(start);
  endSlider.value = String(end);
  startDate.value = dates[start];
  endDate.value = dates[end];
  saveRangeToUrl(dates[start], dates[end]);

  const denominator = Math.max(1, dates.length - 1);
  sliderTrack.style.setProperty("--start", \`\${(start / denominator) * 100}%\`);
  sliderTrack.style.setProperty("--end", \`\${(end / denominator) * 100}%\`);

  const visible = report.events
    .filter((event) => event.commit.utcDate >= dates[start] && event.commit.utcDate <= dates[end])
    .toReversed();
  const changeCount = visible.reduce((total, event) => total + event.changes.length, 0);
  const packageSummary = summarizePackages(visible);
  const totals = {
    commits: visible.length,
    added: packageSummary.added.length,
    updated: packageSummary.updated.length,
    removed: packageSummary.removed.length,
  };
  for (const [name, value] of Object.entries(totals)) {
    totalElements[name].textContent = String(value);
  }
  for (const kind of ["added", "updated", "removed"]) {
    renderPackageSummary(kind, packageSummary[kind]);
  }
  const summary = \`\${dates[start]} – \${dates[end]} · \${visible.length} commits · \${changeCount} changes\`;
  rangeSummary.textContent = summary;
  liveRange.textContent = \`Selected \${summary}\`;
  eventList.replaceChildren(...visible.map(renderEvent));
  emptyState.hidden = visible.length !== 0;
}

if (dates.length) {
  const last = dates.length - 1;
  for (const input of [startSlider, endSlider]) {
    input.min = "0";
    input.max = String(last);
    input.step = "1";
    input.addEventListener("input", update);
  }
  const [initialStart, initialEnd] = rangeFromUrl(last);
  startSlider.value = String(initialStart);
  endSlider.value = String(initialEnd);
  startDate.min = dates[0];
  startDate.max = dates[last];
  endDate.min = dates[0];
  endDate.max = dates[last];
  startDate.addEventListener("change", () => {
    startSlider.value = String(lowerBound(startDate.value));
    update();
  });
  endDate.addEventListener("change", () => {
    endSlider.value = String(upperBound(endDate.value));
    update();
  });
  document.querySelector("#reset-range").addEventListener("click", () => {
    startSlider.value = "0";
    endSlider.value = String(last);
    update();
  });
  renderTimeline();
  update();
} else {
  document.querySelector("#range-controls").hidden = true;
  emptyState.hidden = false;
  emptyState.textContent = "No dependency changes were found in package.json history.";
}
</script>
</body>
</html>"
`;
